[2026-08-07T16:50:31+08:00] Check #1 after 1s
[2026-08-07T16:50:32+08:00] Log lines: 27 | Latest epoch: [Freeze] Epoch 5: train_loss=30638830.241189, val_MPJPE=25.37mm
[2026-08-07T16:50:33+08:00] GPU: NVIDIA GeForce RTX 4090, 62, 80 %, 9417 MiB, 24564 MiB
[2026-08-07T16:50:33+08:00] Training process alive PID: 357
[2026-08-07T16:50:34+08:00] WARNING: Training process found but not listed in nvidia-smi compute apps
https://github.com/adjcjh777/motionflow-multiview-kimiswarm/issues/74#issuecomment-5214937399
[2026-08-07T17:02:37+08:00] Check #2 after 727s
[2026-08-07T17:02:38+08:00] Log lines: 28 | Latest epoch: Epoch 6: train_loss=50470397.945190, val_loss=0.000267, val_MPJPE=25.40mm
[2026-08-07T17:02:39+08:00] GPU: NVIDIA GeForce RTX 4090, 61, 81 %, 9551 MiB, 24564 MiB
[2026-08-07T17:02:39+08:00] Training process alive PID: 357
[2026-08-07T17:02:40+08:00] WARNING: Training process found but not listed in nvidia-smi compute apps
[2026-08-07T17:14:41+08:00] Check #3 after 1451s
[2026-08-07T17:14:42+08:00] Log lines: 28 | Latest epoch: Epoch 6: train_loss=50470397.945190, val_loss=0.000267, val_MPJPE=25.40mm
[2026-08-07T17:14:43+08:00] GPU: NVIDIA GeForce RTX 4090, 62, 85 %, 9448 MiB, 24564 MiB
[2026-08-07T17:14:43+08:00] Training process alive PID: 357
[2026-08-07T17:14:44+08:00] WARNING: Training process found but not listed in nvidia-smi compute apps
[2026-08-07T17:26:45+08:00] Check #4 after 2174s
[2026-08-07T17:26:46+08:00] Log lines: 29 | Latest epoch: Epoch 7: train_loss=334604492.937489, val_loss=0.000585, val_MPJPE=27.00mm
[2026-08-07T17:26:46+08:00] GPU: NVIDIA GeForce RTX 4090, 60, 81 %, 9512 MiB, 24564 MiB
[2026-08-07T17:26:47+08:00] Training process alive PID: 357
[2026-08-07T17:26:47+08:00] WARNING: Training process found but not listed in nvidia-smi compute apps
[2026-08-07T17:38:49+08:00] Check #5 after 2898s
[2026-08-07T17:38:49+08:00] Log lines: 30 | Latest epoch: Epoch 8: train_loss=2134072042.004958, val_loss=0.000266, val_MPJPE=25.63mm
[2026-08-07T17:38:50+08:00] GPU: NVIDIA GeForce RTX 4090, 61, 83 %, 9496 MiB, 24564 MiB
[2026-08-07T17:38:51+08:00] Training process alive PID: 357
[2026-08-07T17:38:51+08:00] WARNING: Training process found but not listed in nvidia-smi compute apps
[2026-08-07T17:50:52+08:00] Check #6 after 3622s
[2026-08-07T17:50:53+08:00] Log lines: 31 | Latest epoch: Epoch 9: train_loss=30872359524707.882812, val_loss=0.000478, val_MPJPE=26.16mm
[2026-08-07T17:50:54+08:00] GPU: NVIDIA GeForce RTX 4090, 62, 79 %, 9502 MiB, 24564 MiB
[2026-08-07T17:50:54+08:00] Training process alive PID: 357
[2026-08-07T17:50:55+08:00] WARNING: Training process found but not listed in nvidia-smi compute apps
[2026-08-07T18:02:56+08:00] Check #7 after 4346s
[2026-08-07T18:02:57+08:00] Log lines: 31 | Latest epoch: Epoch 9: train_loss=30872359524707.882812, val_loss=0.000478, val_MPJPE=26.16mm
[2026-08-07T18:02:57+08:00] GPU: NVIDIA GeForce RTX 4090, 62, 86 %, 9486 MiB, 24564 MiB
[2026-08-07T18:02:58+08:00] Training process alive PID: 357
[2026-08-07T18:02:59+08:00] WARNING: Training process found but not listed in nvidia-smi compute apps
[2026-08-07T18:15:00+08:00] Check #8 after 5069s
[2026-08-07T18:15:00+08:00] Log lines: 32 | Latest epoch: Epoch 10: train_loss=745203300.465352, val_loss=0.000263, val_MPJPE=25.19mm
[2026-08-07T18:15:01+08:00] GPU: NVIDIA GeForce RTX 4090, 61, 74 %, 9496 MiB, 24564 MiB
[2026-08-07T18:15:02+08:00] Training process alive PID: 357
[2026-08-07T18:15:02+08:00] WARNING: Training process found but not listed in nvidia-smi compute apps
[2026-08-07T18:27:03+08:00] Check #9 after 5793s
[2026-08-07T18:27:04+08:00] Log lines: 33 | Latest epoch: Epoch 11: train_loss=182669507.693621, val_loss=0.000264, val_MPJPE=25.23mm
[2026-08-07T18:27:05+08:00] GPU: NVIDIA GeForce RTX 4090, 60, 61 %, 9490 MiB, 24564 MiB
[2026-08-07T18:27:06+08:00] Training process alive PID: 357
[2026-08-07T18:27:07+08:00] WARNING: Training process found but not listed in nvidia-smi compute apps
[2026-08-07T18:39:08+08:00] Check #10 after 6518s
[2026-08-07T18:39:09+08:00] Log lines: 33 | Latest epoch: Epoch 11: train_loss=182669507.693621, val_loss=0.000264, val_MPJPE=25.23mm
[2026-08-07T18:39:09+08:00] GPU: NVIDIA GeForce RTX 4090, 64, 90 %, 11565 MiB, 24564 MiB
[2026-08-07T18:39:10+08:00] Training process alive PID: 357
[2026-08-07T18:39:11+08:00] WARNING: Training process found but not listed in nvidia-smi compute apps
[2026-08-07T18:51:12+08:00] Check #11 after 7241s
[2026-08-07T18:51:12+08:00] Log lines: 34 | Latest epoch: Epoch 12: train_loss=493064929.578795, val_loss=0.000263, val_MPJPE=25.21mm
[2026-08-07T18:51:13+08:00] GPU: NVIDIA GeForce RTX 4090, 60, 62 %, 10089 MiB, 24564 MiB
[2026-08-07T18:51:13+08:00] Training process alive PID: 357
[2026-08-07T18:51:14+08:00] WARNING: Training process found but not listed in nvidia-smi compute apps
[2026-08-07T19:03:15+08:00] Check #12 after 7965s
[2026-08-07T19:03:16+08:00] Log lines: 35 | Latest epoch: Epoch 13: train_loss=313164472.715645, val_loss=0.002920, val_MPJPE=26.73mm
[2026-08-07T19:03:17+08:00] GPU: NVIDIA GeForce RTX 4090, 63, 86 %, 12165 MiB, 24564 MiB
[2026-08-07T19:03:17+08:00] Training process alive PID: 357
[2026-08-07T19:03:18+08:00] WARNING: Training process found but not listed in nvidia-smi compute apps
[2026-08-07T19:15:19+08:00] Check #13 after 8689s
[2026-08-07T19:15:20+08:00] Log lines: 35 | Latest epoch: Epoch 13: train_loss=313164472.715645, val_loss=0.002920, val_MPJPE=26.73mm
[2026-08-07T19:15:21+08:00] GPU: NVIDIA GeForce RTX 4090, 62, 91 %, 13020 MiB, 24564 MiB
[2026-08-07T19:15:22+08:00] Training process alive PID: 357
[2026-08-07T19:15:22+08:00] WARNING: Training process found but not listed in nvidia-smi compute apps
[2026-08-07T19:27:24+08:00] Check #14 after 9413s
[2026-08-07T19:27:24+08:00] Log lines: 35 | Latest epoch: Epoch 13: train_loss=313164472.715645, val_loss=0.002920, val_MPJPE=26.73mm
[2026-08-07T19:27:25+08:00] GPU: NVIDIA GeForce RTX 4090, 62, 90 %, 13019 MiB, 24564 MiB
[2026-08-07T19:27:26+08:00] Training process alive PID: 357
[2026-08-07T19:27:27+08:00] WARNING: Training process found but not listed in nvidia-smi compute apps
[2026-08-07T19:39:29+08:00] Check #15 after 10139s
[2026-08-07T19:39:30+08:00] Log lines: 36 | Latest epoch: Epoch 14: train_loss=6471075539.152270, val_loss=0.000264, val_MPJPE=25.20mm
[2026-08-07T19:39:30+08:00] GPU: NVIDIA GeForce RTX 4090, 63, 90 %, 13423 MiB, 24564 MiB
[2026-08-07T19:39:31+08:00] Training process alive PID: 357
[2026-08-07T19:39:32+08:00] WARNING: Training process found but not listed in nvidia-smi compute apps
[2026-08-07T19:51:33+08:00] Check #16 after 10863s
[2026-08-07T19:51:34+08:00] Log lines: 36 | Latest epoch: Epoch 14: train_loss=6471075539.152270, val_loss=0.000264, val_MPJPE=25.20mm
[2026-08-07T19:51:35+08:00] GPU: NVIDIA GeForce RTX 4090, 62, 87 %, 9270 MiB, 24564 MiB
[2026-08-07T19:51:36+08:00] Training process alive PID: 357
[2026-08-07T19:51:37+08:00] WARNING: Training process found but not listed in nvidia-smi compute apps
[2026-08-07T20:03:38+08:00] Check #17 after 11588s
[2026-08-07T20:03:39+08:00] Log lines: 37 | Latest epoch: Epoch 15: train_loss=423327784.173738, val_loss=0.000271, val_MPJPE=25.25mm
[2026-08-07T20:03:40+08:00] GPU: NVIDIA GeForce RTX 4090, 61, 61 %, 8269 MiB, 24564 MiB
[2026-08-07T20:03:41+08:00] Training process alive PID: 357
[2026-08-07T20:03:41+08:00] WARNING: Training process found but not listed in nvidia-smi compute apps
[2026-08-07T20:15:42+08:00] Check #18 after 12312s
[2026-08-07T20:15:43+08:00] Log lines: 38 | Latest epoch: Epoch 16: train_loss=257568463.978457, val_loss=0.000264, val_MPJPE=25.22mm
[2026-08-07T20:15:44+08:00] GPU: NVIDIA GeForce RTX 4090, 60, 73 %, 7173 MiB, 24564 MiB
[2026-08-07T20:15:45+08:00] Training process alive PID: 357
[2026-08-07T20:15:45+08:00] WARNING: Training process found but not listed in nvidia-smi compute apps
[2026-08-07T20:27:46+08:00] Check #19 after 13036s
[2026-08-07T20:27:47+08:00] Log lines: 39 | Latest epoch: Epoch 17: train_loss=186461113.225452, val_loss=0.000264, val_MPJPE=25.22mm
[2026-08-07T20:27:48+08:00] GPU: NVIDIA GeForce RTX 4090, 61, 66 %, 7173 MiB, 24564 MiB
[2026-08-07T20:27:48+08:00] Training process alive PID: 357
[2026-08-07T20:27:49+08:00] WARNING: Training process found but not listed in nvidia-smi compute apps
Monitoring started at 2026-08-07T16:50:31+08:00
[2026-08-07T16:50:31+08:00] Check #1 after 1s
[2026-08-07T16:50:32+08:00] Log lines: 27 | Latest epoch: [Freeze] Epoch 5: train_loss=30638830.241189, val_MPJPE=25.37mm
[2026-08-07T16:50:33+08:00] GPU: NVIDIA GeForce RTX 4090, 62, 80 %, 9417 MiB, 24564 MiB
[2026-08-07T16:50:33+08:00] Training process alive PID: 357
[2026-08-07T16:50:34+08:00] WARNING: Training process found but not listed in nvidia-smi compute apps
[2026-08-07T16:59:12+08:00] Check #6 after 3625s
[2026-08-07T16:59:13+08:00] Log lines: 28 | Latest epoch: Epoch 6: train_loss=50470397.945190, val_loss=0.000267, val_MPJPE=25.40mm
[2026-08-07T16:59:14+08:00] GPU: NVIDIA GeForce RTX 4090, 61, 81 %, 9599 MiB, 24564 MiB
[2026-08-07T16:59:14+08:00] Training process alive PID: 357
[2026-08-07T16:59:15+08:00] WARNING: Training process found but not listed in nvidia-smi compute apps
[2026-08-07T17:02:37+08:00] Check #2 after 727s
[2026-08-07T17:02:38+08:00] Log lines: 28 | Latest epoch: Epoch 6: train_loss=50470397.945190, val_loss=0.000267, val_MPJPE=25.40mm
[2026-08-07T17:02:39+08:00] GPU: NVIDIA GeForce RTX 4090, 61, 81 %, 9551 MiB, 24564 MiB
[2026-08-07T17:02:39+08:00] Training process alive PID: 357
[2026-08-07T17:02:40+08:00] WARNING: Training process found but not listed in nvidia-smi compute apps
[2026-08-07T17:11:20+08:00] Check #7 after 4353s
[2026-08-07T17:11:21+08:00] Log lines: 28 | Latest epoch: Epoch 6: train_loss=50470397.945190, val_loss=0.000267, val_MPJPE=25.40mm
[2026-08-07T17:11:21+08:00] GPU: NVIDIA GeForce RTX 4090, 62, 86 %, 9448 MiB, 24564 MiB
[2026-08-07T17:11:22+08:00] Training process alive PID: 357
[2026-08-07T17:11:22+08:00] WARNING: Training process found but not listed in nvidia-smi compute apps
[2026-08-07T17:14:41+08:00] Check #3 after 1451s
[2026-08-07T17:14:42+08:00] Log lines: 28 | Latest epoch: Epoch 6: train_loss=50470397.945190, val_loss=0.000267, val_MPJPE=25.40mm
[2026-08-07T17:14:42+08:00] GPU: NVIDIA GeForce RTX 4090, 62, 85 %, 9448 MiB, 24564 MiB
[2026-08-07T17:14:43+08:00] Training process alive PID: 357
[2026-08-07T17:14:44+08:00] WARNING: Training process found but not listed in nvidia-smi compute apps
[2026-08-07T17:23:29+08:00] Check #8 after 5080s
[2026-08-07T17:23:32+08:00] Log lines: 29 | Latest epoch: Epoch 7: train_loss=334604492.937489, val_loss=0.000585, val_MPJPE=27.00mm
[2026-08-07T17:23:33+08:00] GPU: NVIDIA GeForce RTX 4090, 61, 74 %, 9657 MiB, 24564 MiB
[2026-08-07T17:23:34+08:00] Training process alive PID: 357
[2026-08-07T17:23:34+08:00] WARNING: Training process found but not listed in nvidia-smi compute apps
[2026-08-07T17:26:45+08:00] Check #4 after 2174s
[2026-08-07T17:26:45+08:00] Log lines: 29 | Latest epoch: Epoch 7: train_loss=334604492.937489, val_loss=0.000585, val_MPJPE=27.00mm
[2026-08-07T17:26:46+08:00] GPU: NVIDIA GeForce RTX 4090, 60, 81 %, 9512 MiB, 24564 MiB
[2026-08-07T17:26:47+08:00] Training process alive PID: 357
[2026-08-07T17:26:47+08:00] WARNING: Training process found but not listed in nvidia-smi compute apps
[2026-08-07T17:35:41+08:00] Check #9 after 5812s
[2026-08-07T17:35:48+08:00] Log lines: 30 | Latest epoch: Epoch 8: train_loss=2134072042.004958, val_loss=0.000266, val_MPJPE=25.63mm
[2026-08-07T17:35:49+08:00] GPU: NVIDIA GeForce RTX 4090, 62, 73 %, 9448 MiB, 24564 MiB
[2026-08-07T17:35:49+08:00] Training process alive PID: 357
[2026-08-07T17:35:50+08:00] WARNING: Training process found but not listed in nvidia-smi compute apps
[2026-08-07T17:38:48+08:00] Check #5 after 2898s
[2026-08-07T17:38:49+08:00] Log lines: 30 | Latest epoch: Epoch 8: train_loss=2134072042.004958, val_loss=0.000266, val_MPJPE=25.63mm
[2026-08-07T17:38:50+08:00] GPU: NVIDIA GeForce RTX 4090, 61, 83 %, 9496 MiB, 24564 MiB
[2026-08-07T17:38:51+08:00] Training process alive PID: 357
[2026-08-07T17:38:51+08:00] WARNING: Training process found but not listed in nvidia-smi compute apps
[2026-08-07T17:47:51+08:00] Check #10 after 6544s
[2026-08-07T17:47:52+08:00] Log lines: 30 | Latest epoch: Epoch 8: train_loss=2134072042.004958, val_loss=0.000266, val_MPJPE=25.63mm
[2026-08-07T17:47:54+08:00] GPU: NVIDIA GeForce RTX 4090, 60, 82 %, 9504 MiB, 24564 MiB
[2026-08-07T17:47:55+08:00] Training process alive PID: 357
[2026-08-07T17:47:55+08:00] WARNING: Training process found but not listed in nvidia-smi compute apps
[2026-08-07T17:50:52+08:00] Check #6 after 3622s
[2026-08-07T17:50:53+08:00] Log lines: 31 | Latest epoch: Epoch 9: train_loss=30872359524707.882812, val_loss=0.000478, val_MPJPE=26.16mm
[2026-08-07T17:50:54+08:00] GPU: NVIDIA GeForce RTX 4090, 62, 79 %, 9502 MiB, 24564 MiB
[2026-08-07T17:50:54+08:00] Training process alive PID: 357
[2026-08-07T17:50:55+08:00] WARNING: Training process found but not listed in nvidia-smi compute apps
[2026-08-07T17:59:57+08:00] Check #11 after 7269s
[2026-08-07T17:59:57+08:00] Log lines: 31 | Latest epoch: Epoch 9: train_loss=30872359524707.882812, val_loss=0.000478, val_MPJPE=26.16mm
[2026-08-07T17:59:58+08:00] GPU: NVIDIA GeForce RTX 4090, 61, 89 %, 9485 MiB, 24564 MiB
[2026-08-07T17:59:59+08:00] Training process alive PID: 357
[2026-08-07T18:00:00+08:00] WARNING: Training process found but not listed in nvidia-smi compute apps
[2026-08-07T18:02:56+08:00] Check #7 after 4346s
[2026-08-07T18:02:57+08:00] Log lines: 31 | Latest epoch: Epoch 9: train_loss=30872359524707.882812, val_loss=0.000478, val_MPJPE=26.16mm
[2026-08-07T18:02:57+08:00] GPU: NVIDIA GeForce RTX 4090, 62, 86 %, 9486 MiB, 24564 MiB
[2026-08-07T18:02:58+08:00] Training process alive PID: 357
[2026-08-07T18:02:58+08:00] WARNING: Training process found but not listed in nvidia-smi compute apps
[2026-08-07T18:12:01+08:00] Check #12 after 7994s
[2026-08-07T18:12:02+08:00] Log lines: 32 | Latest epoch: Epoch 10: train_loss=745203300.465352, val_loss=0.000263, val_MPJPE=25.19mm
[2026-08-07T18:12:03+08:00] GPU: NVIDIA GeForce RTX 4090, 61, 78 %, 9496 MiB, 24564 MiB
[2026-08-07T18:12:04+08:00] Training process alive PID: 357
[2026-08-07T18:12:04+08:00] WARNING: Training process found but not listed in nvidia-smi compute apps
[2026-08-07T18:15:00+08:00] Check #8 after 5069s
[2026-08-07T18:15:00+08:00] Log lines: 32 | Latest epoch: Epoch 10: train_loss=745203300.465352, val_loss=0.000263, val_MPJPE=25.19mm
[2026-08-07T18:15:01+08:00] GPU: NVIDIA GeForce RTX 4090, 61, 74 %, 9496 MiB, 24564 MiB
[2026-08-07T18:15:01+08:00] Training process alive PID: 357
[2026-08-07T18:15:02+08:00] WARNING: Training process found but not listed in nvidia-smi compute apps
[2026-08-07T18:24:05+08:00] Check #13 after 8718s
[2026-08-07T18:24:06+08:00] Log lines: 33 | Latest epoch: Epoch 11: train_loss=182669507.693621, val_loss=0.000264, val_MPJPE=25.23mm
[2026-08-07T18:24:07+08:00] GPU: NVIDIA GeForce RTX 4090, 60, 77 %, 9490 MiB, 24564 MiB
[2026-08-07T18:24:07+08:00] Training process alive PID: 357
[2026-08-07T18:24:08+08:00] WARNING: Training process found but not listed in nvidia-smi compute apps
[2026-08-07T18:27:03+08:00] Check #9 after 5793s
[2026-08-07T18:27:04+08:00] Log lines: 33 | Latest epoch: Epoch 11: train_loss=182669507.693621, val_loss=0.000264, val_MPJPE=25.23mm
[2026-08-07T18:27:05+08:00] GPU: NVIDIA GeForce RTX 4090, 60, 61 %, 9490 MiB, 24564 MiB
[2026-08-07T18:27:06+08:00] Training process alive PID: 357
[2026-08-07T18:27:06+08:00] WARNING: Training process found but not listed in nvidia-smi compute apps
[2026-08-07T18:36:15+08:00] Check #14 after 9446s
[2026-08-07T18:36:16+08:00] Log lines: 33 | Latest epoch: Epoch 11: train_loss=182669507.693621, val_loss=0.000264, val_MPJPE=25.23mm
[2026-08-07T18:36:17+08:00] GPU: NVIDIA GeForce RTX 4090, 63, 91 %, 11566 MiB, 24564 MiB
[2026-08-07T18:36:17+08:00] Training process alive PID: 357
[2026-08-07T18:36:18+08:00] WARNING: Training process found but not listed in nvidia-smi compute apps
[2026-08-07T18:39:08+08:00] Check #10 after 6518s
[2026-08-07T18:39:08+08:00] Log lines: 33 | Latest epoch: Epoch 11: train_loss=182669507.693621, val_loss=0.000264, val_MPJPE=25.23mm
[2026-08-07T18:39:09+08:00] GPU: NVIDIA GeForce RTX 4090, 64, 90 %, 11565 MiB, 24564 MiB
[2026-08-07T18:39:10+08:00] Training process alive PID: 357
[2026-08-07T18:39:10+08:00] WARNING: Training process found but not listed in nvidia-smi compute apps
[2026-08-07T18:48:19+08:00] Check #15 after 10172s
[2026-08-07T18:48:20+08:00] Log lines: 34 | Latest epoch: Epoch 12: train_loss=493064929.578795, val_loss=0.000263, val_MPJPE=25.21mm
[2026-08-07T18:48:20+08:00] GPU: NVIDIA GeForce RTX 4090, 61, 62 %, 9266 MiB, 24564 MiB
[2026-08-07T18:48:21+08:00] Training process alive PID: 357
[2026-08-07T18:48:22+08:00] WARNING: Training process found but not listed in nvidia-smi compute apps
[2026-08-07T18:51:11+08:00] Check #11 after 7241s
[2026-08-07T18:51:12+08:00] Log lines: 34 | Latest epoch: Epoch 12: train_loss=493064929.578795, val_loss=0.000263, val_MPJPE=25.21mm
[2026-08-07T18:51:13+08:00] GPU: NVIDIA GeForce RTX 4090, 60, 62 %, 10089 MiB, 24564 MiB
[2026-08-07T18:51:13+08:00] Training process alive PID: 357
[2026-08-07T18:51:14+08:00] WARNING: Training process found but not listed in nvidia-smi compute apps
[2026-08-07T19:00:23+08:00] Check #16 after 10896s
[2026-08-07T19:00:24+08:00] Log lines: 35 | Latest epoch: Epoch 13: train_loss=313164472.715645, val_loss=0.002920, val_MPJPE=26.73mm
[2026-08-07T19:00:25+08:00] GPU: NVIDIA GeForce RTX 4090, 63, 87 %, 10088 MiB, 24564 MiB
[2026-08-07T19:00:26+08:00] Training process alive PID: 357
[2026-08-07T19:00:27+08:00] WARNING: Training process found but not listed in nvidia-smi compute apps
[2026-08-07T19:03:15+08:00] Check #12 after 7965s
[2026-08-07T19:03:16+08:00] Log lines: 35 | Latest epoch: Epoch 13: train_loss=313164472.715645, val_loss=0.002920, val_MPJPE=26.73mm
[2026-08-07T19:03:17+08:00] GPU: NVIDIA GeForce RTX 4090, 63, 86 %, 12165 MiB, 24564 MiB
[2026-08-07T19:03:17+08:00] Training process alive PID: 357
[2026-08-07T19:03:18+08:00] WARNING: Training process found but not listed in nvidia-smi compute apps
[2026-08-07T19:12:28+08:00] Check #17 after 11621s
[2026-08-07T19:12:29+08:00] Log lines: 35 | Latest epoch: Epoch 13: train_loss=313164472.715645, val_loss=0.002920, val_MPJPE=26.73mm
[2026-08-07T19:12:30+08:00] GPU: NVIDIA GeForce RTX 4090, 62, 88 %, 14466 MiB, 24564 MiB
[2026-08-07T19:12:31+08:00] Training process alive PID: 357
[2026-08-07T19:12:32+08:00] WARNING: Training process found but not listed in nvidia-smi compute apps
[2026-08-07T19:15:19+08:00] Check #13 after 8689s
[2026-08-07T19:15:20+08:00] Log lines: 35 | Latest epoch: Epoch 13: train_loss=313164472.715645, val_loss=0.002920, val_MPJPE=26.73mm
[2026-08-07T19:15:21+08:00] GPU: NVIDIA GeForce RTX 4090, 62, 91 %, 13020 MiB, 24564 MiB
[2026-08-07T19:15:21+08:00] Training process alive PID: 357
[2026-08-07T19:15:22+08:00] WARNING: Training process found but not listed in nvidia-smi compute apps
[2026-08-07T19:24:33+08:00] Check #18 after 12346s
[2026-08-07T19:24:34+08:00] Log lines: 35 | Latest epoch: Epoch 13: train_loss=313164472.715645, val_loss=0.002920, val_MPJPE=26.73mm
[2026-08-07T19:24:35+08:00] GPU: NVIDIA GeForce RTX 4090, 62, 90 %, 13652 MiB, 24564 MiB
[2026-08-07T19:24:37+08:00] Training process alive PID: 357
[2026-08-07T19:24:38+08:00] WARNING: Training process found but not listed in nvidia-smi compute apps
[2026-08-07T19:27:23+08:00] Check #14 after 9413s
[2026-08-07T19:27:24+08:00] Log lines: 35 | Latest epoch: Epoch 13: train_loss=313164472.715645, val_loss=0.002920, val_MPJPE=26.73mm
[2026-08-07T19:27:25+08:00] GPU: NVIDIA GeForce RTX 4090, 62, 90 %, 13019 MiB, 24564 MiB
[2026-08-07T19:27:26+08:00] Training process alive PID: 357
[2026-08-07T19:27:27+08:00] WARNING: Training process found but not listed in nvidia-smi compute apps
[2026-08-07T19:36:39+08:00] Check #19 after 13072s
[2026-08-07T19:36:41+08:00] Log lines: 36 | Latest epoch: Epoch 14: train_loss=6471075539.152270, val_loss=0.000264, val_MPJPE=25.20mm
[2026-08-07T19:36:41+08:00] GPU: NVIDIA GeForce RTX 4090, 62, 90 %, 15095 MiB, 24564 MiB
[2026-08-07T19:36:42+08:00] Training process alive PID: 357
[2026-08-07T19:36:43+08:00] WARNING: Training process found but not listed in nvidia-smi compute apps
[2026-08-07T19:39:29+08:00] Check #15 after 10139s
[2026-08-07T19:39:30+08:00] Log lines: 36 | Latest epoch: Epoch 14: train_loss=6471075539.152270, val_loss=0.000264, val_MPJPE=25.20mm
[2026-08-07T19:39:30+08:00] GPU: NVIDIA GeForce RTX 4090, 63, 90 %, 13423 MiB, 24564 MiB
[2026-08-07T19:39:31+08:00] Training process alive PID: 357
[2026-08-07T19:39:32+08:00] WARNING: Training process found but not listed in nvidia-smi compute apps

===== SUMMARY =====
Total checks: 19
Last epoch: Epoch 14: train_loss=6471075539.152270, val_loss=0.000264, val_MPJPE=25.20mm
Monitoring ended at 2026-08-07T19:48:48+08:00
[2026-08-07T19:51:33+08:00] Check #16 after 10863s
[2026-08-07T19:51:34+08:00] Log lines: 36 | Latest epoch: Epoch 14: train_loss=6471075539.152270, val_loss=0.000264, val_MPJPE=25.20mm
[2026-08-07T19:51:35+08:00] GPU: NVIDIA GeForce RTX 4090, 62, 87 %, 9270 MiB, 24564 MiB
[2026-08-07T19:51:36+08:00] Training process alive PID: 357
[2026-08-07T19:51:37+08:00] WARNING: Training process found but not listed in nvidia-smi compute apps
[2026-08-07T20:03:38+08:00] Check #17 after 11588s
[2026-08-07T20:03:39+08:00] Log lines: 37 | Latest epoch: Epoch 15: train_loss=423327784.173738, val_loss=0.000271, val_MPJPE=25.25mm
[2026-08-07T20:03:40+08:00] GPU: NVIDIA GeForce RTX 4090, 61, 61 %, 8269 MiB, 24564 MiB
[2026-08-07T20:03:40+08:00] Training process alive PID: 357
[2026-08-07T20:03:41+08:00] WARNING: Training process found but not listed in nvidia-smi compute apps
[2026-08-07T20:15:42+08:00] Check #18 after 12312s
[2026-08-07T20:15:43+08:00] Log lines: 38 | Latest epoch: Epoch 16: train_loss=257568463.978457, val_loss=0.000264, val_MPJPE=25.22mm
[2026-08-07T20:15:44+08:00] GPU: NVIDIA GeForce RTX 4090, 60, 73 %, 7173 MiB, 24564 MiB
[2026-08-07T20:15:44+08:00] Training process alive PID: 357
[2026-08-07T20:15:45+08:00] WARNING: Training process found but not listed in nvidia-smi compute apps
[2026-08-07T20:27:46+08:00] Check #19 after 13036s
[2026-08-07T20:27:47+08:00] Log lines: 39 | Latest epoch: Epoch 17: train_loss=186461113.225452, val_loss=0.000264, val_MPJPE=25.22mm
[2026-08-07T20:27:48+08:00] GPU: NVIDIA GeForce RTX 4090, 61, 66 %, 7173 MiB, 24564 MiB
[2026-08-07T20:27:48+08:00] Training process alive PID: 357
[2026-08-07T20:27:49+08:00] WARNING: Training process found but not listed in nvidia-smi compute apps

===== SUMMARY =====
Total checks: 19
Last epoch: Epoch 17: train_loss=186461113.225452, val_loss=0.000264, val_MPJPE=25.22mm
Monitoring ended at 2026-08-07T20:39:50+08:00
